// Vitest Snapshot v1

exports[`pagination: pageSize > data.length 1`] = `
"<div class=\\"table\\">
  <table class=\\"table__table\\">
    <colgroup>
      <col width=\\"200\\">
      <col>
    </colgroup>
    <thead>
      <tr>
        <th class=\\"table__header-cell\\"><span class=\\"table__header-cell__value\\">Name</span>
          <!---->
        </th>
        <th class=\\"table__header-cell\\"><span class=\\"table__header-cell__value\\">Age</span><span class=\\"table__header-cell_sort\\"></span></th>
      </tr>
    </thead>
    <tbody>
      <tr class=\\"table__body-row\\">
        <td class=\\"table__body-cell\\"><span>Bob</span></td>
        <td class=\\"table__body-cell\\"><span>27</span></td>
      </tr>
      <tr class=\\"table__body-row\\">
        <td class=\\"table__body-cell\\"><span>Tom</span></td>
        <td class=\\"table__body-cell\\"><span>20</span></td>
      </tr>
      <tr class=\\"table__body-row\\">
        <td class=\\"table__body-cell\\"><span>Alice</span></td>
        <td class=\\"table__body-cell\\"><span>23</span></td>
      </tr>
    </tbody>
  </table>
  <div class=\\"pagination\\"><span class=\\"pagination__total\\">Total 3 items</span><span class=\\"pagination__previous disabled\\">Previous</span><span class=\\"pagination__next disabled\\">Next</span><span class=\\"pagination__page\\">( 1 / 1 )</span><span class=\\"pagination__goto\\">Go to<input type=\\"text\\" class=\\"pagination__goto-input\\"></span></div>
</div>"
`;
